<html>
<body>
<pre>
<h1>µVision Build Log</h1>
<h2>Tool Versions:</h2>
IDE-Version: ¦ÌVision V5.27.0.0
Copyright (C) 2018 ARM Ltd and ARM Germany GmbH. All rights reserved.
License Information: wu Elephant, fei, LIC=CZLZX-H2045-RAFDM-X56B3-4QU66-1F0QX
 
Tool Versions:
Toolchain:       MDK-ARM Plus  Version: 5.27.0.0
Toolchain Path:  D:\APP\Keil_v5\ARM\ARMCC\Bin
C Compiler:      Armcc.exe V5.06 update 6 (build 750)
Assembler:       Armasm.exe V5.06 update 6 (build 750)
Linker/Locator:  ArmLink.exe V5.06 update 6 (build 750)
Library Manager: ArmAr.exe V5.06 update 6 (build 750)
Hex Converter:   FromElf.exe V5.06 update 6 (build 750)
CPU DLL:         SARMCM3.DLL V5.27.0.0
Dialog DLL:      DCM.DLL V1.17.2.0
Target DLL:      STLink\ST-LINKIII-KEIL_SWO.dll V3.0.5.0
Dialog DLL:      TCM.DLL V1.36.1.0
 
<h2>Project:</h2>
D:\soft\stm32f103-V4-2\MDK-ARM\stm32f103-V4-2.uvprojx
Project File Date:  10/31/2025

<h2>Output:</h2>
*** Using Compiler 'V5.06 update 6 (build 750)', folder: 'D:\APP\Keil_v5\ARM\ARMCC\Bin'
Rebuild target 'stm32f103-V4-2'
assembling startup_stm32f103xb.s...
compiling Laser.c...
compiling Spindle_Control.c...
compiling Brush_Led.c...
compiling adc.c...
compiling tim.c...
compiling gpio.c...
compiling Elemach.c...
compiling DS18B20.c...
..\Core\Src\DS18B20.c(109): warning:  #61-D: integer operation result is out of range
              DS18B20_RIGHT_IO_OUT();
..\Core\Src\DS18B20.c(137): warning:  #61-D: integer operation result is out of range
              DS18B20_RIGHT_IO_OUT();
..\Core\Src\DS18B20.c(168): warning:  #61-D: integer operation result is out of range
              DS18B20_RIGHT_IO_IN();
..\Core\Src\DS18B20.c(168): warning:  #61-D: integer operation result is out of range
              DS18B20_RIGHT_IO_IN();
..\Core\Src\DS18B20.c(168): warning:  #68-D: integer conversion resulted in a change of sign
              DS18B20_RIGHT_IO_IN();
..\Core\Src\DS18B20.c(207): warning:  #61-D: integer operation result is out of range
              DS18B20_RIGHT_IO_OUT();
..\Core\Src\DS18B20.c(284): warning:  #61-D: integer operation result is out of range
                  DS18B20_RIGHT_IO_OUT();
..\Core\Src\DS18B20.c(303): warning:  #61-D: integer operation result is out of range
                  DS18B20_RIGHT_IO_IN();
..\Core\Src\DS18B20.c(303): warning:  #61-D: integer operation result is out of range
                  DS18B20_RIGHT_IO_IN();
..\Core\Src\DS18B20.c(303): warning:  #68-D: integer conversion resulted in a change of sign
                  DS18B20_RIGHT_IO_IN();
..\Core\Src\DS18B20.c(335): warning:  #61-D: integer operation result is out of range
                  DS18B20_RIGHT_IO_OUT();
..\Core\Src\DS18B20.c: 11 warnings, 0 errors
compiling main.c...
compiling usart.c...
compiling stm32f1xx_it.c...
compiling stm32f1xx_hal_gpio_ex.c...
compiling stm32f1xx_hal_msp.c...
compiling stm32f1xx_hal.c...
compiling stm32f1xx_hal_adc_ex.c...
compiling stm32f1xx_hal_adc.c...
compiling stm32f1xx_hal_rcc.c...
compiling stm32f1xx_hal_rcc_ex.c...
compiling stm32f1xx_hal_pwr.c...
compiling stm32f1xx_hal_gpio.c...
compiling stm32f1xx_hal_dma.c...
compiling stm32f1xx_hal_cortex.c...
compiling stm32f1xx_hal_exti.c...
compiling stm32f1xx_hal_flash_ex.c...
compiling stm32f1xx_hal_flash.c...
compiling system_stm32f1xx.c...
compiling stm32f1xx_hal_tim_ex.c...
compiling stm32f1xx_hal_uart.c...
compiling stm32f1xx_hal_tim.c...
linking...
Program Size: Code=12168 RO-data=312 RW-data=56 ZI-data=1424  
FromELF: creating hex file...
"stm32f103-V4-2\stm32f103-V4-2.axf" - 0 Error(s), 11 Warning(s).

<h2>Software Packages used:</h2>

Package Vendor: ARM
                http://www.keil.com/pack/ARM.CMSIS.5.4.0.pack
                ARM.CMSIS.5.4.0
                CMSIS (Cortex Microcontroller Software Interface Standard)
   * Component: CORE Version: 5.1.2

Package Vendor: Keil
                https://www.keil.com/pack/Keil.STM32F1xx_DFP.2.4.1.pack
                Keil.STM32F1xx_DFP.2.4.1
                STMicroelectronics STM32F1 Series Device Support, Drivers and Examples

<h2>Collection of Component include folders:</h2>
  .\RTE\_stm32f103-V4-2
  D:\APP\Keil_v5\ARM\PACK\ARM\CMSIS\5.4.0\CMSIS\Core\Include
  D:\APP\Keil_v5\ARM\PACK\Keil\STM32F1xx_DFP\2.4.1\Device\Include

<h2>Collection of Component Files used:</h2>

   * Component: ARM::CMSIS:CORE:5.1.2
Build Time Elapsed:  00:00:07
</pre>
</body>
</html>
